=== beskid_analysis (compact) ===
running 186 tests
test result: ok. 186 passed; 0 failed; 0 ignored; 0 measured; 0 filtered out; finished in 11.45s
running 2 tests
test result: ok. 2 passed; 0 failed; 0 ignored; 0 measured; 0 filtered out; finished in 0.00s
running 1 test
test result: ok. 1 passed; 0 failed; 0 ignored; 0 measured; 0 filtered out; finished in 0.51s
running 2 tests
test result: ok. 2 passed; 0 failed; 0 ignored; 0 measured; 0 filtered out; finished in 0.00s
--- tail ---
test types::display::tests::formats_primitive_types ... ok
test types::inference::tests::infer_generic_args_widens_numeric_bindings ... ok
test types::inference::tests::inference_result_resolve_helper ... ok
test types::inference::tests::is_numeric_recognizes_numeric_primitives ... ok
test types::inference::tests::solve_apply_generic_binds_result_vars ... ok
test types::inference::tests::solve_equal_binds_type_var ... ok
test types::inference::tests::solve_is_numeric_unbound_is_ambiguous_e1202 ... ok
test types::inference::tests::solve_variant_of_binds_enum_type ... ok
test types::inference::tests::unify_numeric_prefers_i64_when_either_side_is_i64 ... ok
test types::inference::tests::unify_numeric_types_widens_i32_with_i64 ... ok
test types::lowering_prep::tests::records_numeric_cast ... ok
test types::surface::tests::merge_prefers_entry_surface_on_conflict ... ok
test services::front_end::tests::syntax_assembly_replaces_only_the_entry_program_after_mod_rewrite ... ok
test projects::assembly::loader::tests::import_closure_module_index_skips_unimported_dependency_tree ... ok
test projects::assembly::loader::tests::materialized_compiler_foundation_path_retains_service_provenance_but_a_copy_does_not ... ok
test services::input::tests::resolve_input_directory_with_compile_plan_uses_entry_file ... ok
test services::document_tests::tests::corelib_mvp_completion_after_output_dot_includes_writeline ... ok
test services::document_tests::tests::corelib_mvp_definition_at_printline_targets_io_module ... ok
test services::document_tests::tests::corelib_mvp_document_analysis_resolves_io_printline ... ok
test services::document_tests::tests::corelib_mvp_document_analysis_without_context_has_no_resolution ... ok
test services::document_tests::tests::corelib_mvp_lifecycle_completion_after_output_dot_includes_writeline ... ok
test services::document_tests::tests::corelib_mvp_lifecycle_snapshot_resolves_writeline_via_entry_resolution ... ok
test services::document_tests::tests::corelib_mvp_use_path_completion_offers_std_segments ... ok
test services::document_tests::tests::corelib_mvp_workspace_references_include_io_definition ... ok

test result: ok. 186 passed; 0 failed; 0 ignored; 0 measured; 0 filtered out; finished in 11.45s

     Running tests/artifact_roundtrip.rs (target/debug/deps/artifact_roundtrip-4ded941e2fbf96ce)

running 2 tests
test expanded_syntax_unit_snapshot_roundtrips ... ok
test syntax_program_snapshot_roundtrips ... ok

test result: ok. 2 passed; 0 failed; 0 ignored; 0 measured; 0 filtered out; finished in 0.00s

     Running tests/canonical_runtime_source.rs (target/debug/deps/canonical_runtime_source-3ce58d0ac55d578a)

running 1 test
test canonical_runtime_sources_enter_the_expanded_ast_pipeline_without_a_host_stub ... ok

test result: ok. 1 passed; 0 failed; 0 ignored; 0 measured; 0 filtered out; finished in 0.51s

     Running tests/expanded_syntax_index.rs (target/debug/deps/expanded_syntax_index-3fc1dd0b36437236)

running 2 tests
test expanded_syntax_index_rejects_stale_generation ... ok
test expanded_syntax_index_is_deterministic_preorder ... ok

test result: ok. 2 passed; 0 failed; 0 ignored; 0 measured; 0 filtered out; finished in 0.00s

