=== beskid_aot (compact) ===
running 5 tests
test result: ok. 5 passed; 0 failed; 0 ignored; 0 measured; 0 filtered out; finished in 0.00s
running 4 tests
test result: ok. 4 passed; 0 failed; 0 ignored; 0 measured; 0 filtered out; finished in 0.02s
running 6 tests
test result: ok. 6 passed; 0 failed; 0 ignored; 0 measured; 0 filtered out; finished in 1.39s
running 2 tests
test result: ok. 2 passed; 0 failed; 0 ignored; 0 measured; 0 filtered out; finished in 0.05s
running 1 test
test result: ok. 1 passed; 0 failed; 0 ignored; 0 measured; 0 filtered out; finished in 0.03s
--- tail ---
   Compiling beskid_aot v0.1.0 (/Users/mikserek/Projects/beskid/.worktrees/cyb-68/compiler/crates/beskid_aot)
    Finished `test` profile [unoptimized + debuginfo] target(s) in 23.48s
     Running unittests src/lib.rs (target/debug/deps/beskid_aot-443b5362e589aabd)

running 5 tests
test target::tests::computes_linux_object_name ... ok
test target::tests::computes_windows_static_name ... ok
test api::with_defaults_tests::with_defaults_matches_expected_shared_fields ... ok
test api::with_defaults_tests::object_only_defaults_do_not_require_a_runtime_kit ... ok
test api::with_defaults_tests::linked_artifacts_require_an_exact_runtime_kit ... ok

test result: ok. 5 passed; 0 failed; 0 ignored; 0 measured; 0 filtered out; finished in 0.00s

     Running tests/abi_v5_runtime_kit.rs (target/debug/deps/abi_v5_runtime_kit-cda59d6d24211da5)

running 4 tests
test noncanonical_targets_are_rejected ... ok
test internally_valid_kit_for_another_runtime_source_is_rejected ... ok
test tampered_or_wrong_profile_kits_fail_without_archive_fallback ... ok
test aot_preparation_resolves_only_the_validated_static_artifact_and_allowlist ... ok

test result: ok. 4 passed; 0 failed; 0 ignored; 0 measured; 0 filtered out; finished in 0.02s

     Running tests/library_pair.rs (target/debug/deps/library_pair-82d4d33c1e7b7861)

running 6 tests
test emits_static_and_shared_library_shells_without_runtime_kit ... ok
test host_context_pair_contains_the_manifest_context_exports_in_both_native_artifacts ... ok
test host_platform_pair_exports_only_the_host_platform_runtime_boundary ... ok
test canonical_bootstrap_lowers_through_the_aot_prepared_syntax_boundary ... ok
test canonical_runtime_static_archive_hides_non_abi_implementation_symbols ... ok
test canonical_platform_pair_links_the_native_tls_helper ... ok

test result: ok. 6 passed; 0 failed; 0 ignored; 0 measured; 0 filtered out; finished in 1.39s

     Running tests/mod_artifact.rs (target/debug/deps/mod_artifact-1f878c5f92049346)

running 2 tests
test build_mod_artifact_writes_object_and_descriptor_under_workspace_cache ... ok
test lowered_program_validates_and_compiles_to_object ... ok

test result: ok. 2 passed; 0 failed; 0 ignored; 0 measured; 0 filtered out; finished in 0.05s

     Running tests/prepared_syntax.rs (target/debug/deps/prepared_syntax-a06cc58bb4127c4b)

running 1 test
test aot_lowers_prepared_syntax_with_its_object_target_isa ... ok

test result: ok. 1 passed; 0 failed; 0 ignored; 0 measured; 0 filtered out; finished in 0.03s

