   Compiling workflow-core-macros v0.18.0
   Compiling enum-ordinalize v4.3.2
   Compiling dirs v5.0.1
   Compiling rust-embed-impl v8.11.0
   Compiling comfy-table v7.2.2
   Compiling lazy-regex-proc_macros v3.6.0
   Compiling faster-hex v0.9.0
   Compiling instant v0.1.13
   Compiling str_indices v0.4.4
   Compiling triggered v0.1.3
   Compiling bs58 v0.5.1
   Compiling streaming-iterator v0.1.9
   Compiling ropey v1.6.1
   Compiling rust-embed v8.11.0
   Compiling lazy-regex v3.5.1
   Compiling bon v3.9.1
   Compiling panes v0.19.0
   Compiling arboard v3.6.1
   Compiling beskid_graph v0.1.0 (/Users/mikserek/Projects/beskid/.worktrees/cyb-68/compiler/crates/beskid_graph)
   Compiling workflow-task-macros v0.18.0
   Compiling dirs-sys v0.5.0
   Compiling env_filter v0.1.4
   Compiling beskid_queries v0.1.0 (/Users/mikserek/Projects/beskid/.worktrees/cyb-68/compiler/crates/beskid_queries)
   Compiling include_dir_macros v0.7.4
   Compiling ureq-proto v0.6.0
   Compiling jiff v0.2.28
   Compiling dyn-clone v1.0.20
   Compiling anpa v0.10.0
   Compiling micromath v2.1.0
   Compiling utf8-zero v0.8.1
   Compiling beskid_tools v0.1.0 (/Users/mikserek/Projects/beskid/.worktrees/cyb-68/compiler/crates/beskid_tools)
   Compiling ureq v3.3.0
   Compiling educe v0.6.0
   Compiling include_dir v0.7.4
   Compiling tui-logger v0.18.2
   Compiling ratatui-explorer v0.3.0
   Compiling tuirealm v4.1.0
   Compiling panes-ratatui v0.5.0
   Compiling ratatui-code-editor v0.0.4
   Compiling dirs v6.0.0
   Compiling beskid_pckg v0.1.0 (/Users/mikserek/Projects/beskid/.worktrees/cyb-68/compiler/crates/beskid_pckg)
   Compiling tui-spinner v0.2.3
   Compiling tui-piechart v0.3.3
   Compiling tachyonfx v0.25.0
   Compiling crossbeam-utils v0.8.21
   Compiling tinyvec_macros v0.1.1
   Compiling tinyvec v1.11.0
   Compiling futures-sink v0.3.32
   Compiling unicode-normalization v0.1.25
   Compiling form_urlencoded v1.2.2
   Compiling unicode-properties v0.1.4
   Compiling unicode-bidi v0.3.18
   Compiling workflow-task v0.18.0
   Compiling futures-intrusive v0.5.0
   Compiling stringprep v0.1.5
   Compiling crossbeam-queue v0.3.12
   Compiling hkdf v0.12.4
   Compiling md-5 v0.10.6
   Compiling half v2.4.1
   Compiling cast v0.3.0
   Compiling hex v0.4.3
   Compiling home v0.5.9
   Compiling ciborium-io v0.2.2
   Compiling dotenvy v0.15.7
   Compiling base64 v0.22.1
   Compiling plotters-backend v0.3.7
   Compiling whoami v1.6.1
   Compiling plotters-svg v0.3.7
   Compiling atoi v2.0.0
   Compiling ciborium-ll v0.2.2
   Compiling futures-channel v0.3.31
   Compiling bitflags v2.13.0
   Compiling byteorder v1.5.0
   Compiling plotters v0.3.7
   Compiling ciborium v0.2.2
   Compiling tokio-stream v0.1.17
   Compiling tinytemplate v1.2.1
   Compiling num-integer v0.1.46
   Compiling anes v0.1.6
   Compiling oorandom v11.1.5
   Compiling sqlx-core v0.8.6
   Compiling num-bigint v0.4.8
   Compiling pem v3.0.6
   Compiling base64 v0.21.7
   Compiling async-trait v0.1.89
   Compiling beskid_isle v0.1.0 (/Users/mikserek/Projects/beskid/.worktrees/cyb-68/compiler/crates/beskid_isle)
   Compiling memoffset v0.6.5
   Compiling minimal-lexical v0.2.1
   Compiling beskid_pckg_operations v0.1.0 (/Users/mikserek/Projects/beskid/.worktrees/cyb-68/compiler/crates/beskid_pckg_operations)
   Compiling nom v7.1.3
   Compiling simple_asn1 v0.6.4
   Compiling serial-core v0.4.0
   Compiling beskid_codegen v0.1.0 (/Users/mikserek/Projects/beskid/.worktrees/cyb-68/compiler/crates/beskid_codegen)
   Compiling jsonwebtoken v9.2.0
   Compiling termios v0.2.2
   Compiling ioctl-rs v0.1.6
   Compiling multer v3.1.0
   Compiling serial-unix v0.4.0
   Compiling beskid_pckg_artifacts v0.1.0 (/Users/mikserek/Projects/beskid/.worktrees/cyb-68/compiler/crates/beskid_pckg_artifacts)
   Compiling beskid_pckg_community v0.1.0 (/Users/mikserek/Projects/beskid/.worktrees/cyb-68/compiler/crates/beskid_pckg_community)
   Compiling axum-core v0.5.6
   Compiling sqlx-postgres v0.8.6
   Compiling eventsource-stream v0.2.3
   Compiling console v0.16.0
   Compiling beskid_pckg_auth v0.1.0 (/Users/mikserek/Projects/beskid/.worktrees/cyb-68/compiler/crates/beskid_pckg_auth)
   Compiling serde_path_to_error v0.1.20
   Compiling alloca v0.4.0
   Compiling futures-timer v3.0.4
   Compiling similar v2.7.0
   Compiling matchit v0.8.4
   Compiling spin v0.9.8
   Compiling reqwest-eventsource v0.6.0
   Compiling serial v0.4.0
   Compiling nix v0.25.1
   Compiling filedescriptor v0.8.3
   Compiling insta v1.47.2
   Compiling axum v0.8.9
   Compiling portpicker v0.1.1
   Compiling backon v1.5.2
   Compiling itertools v0.13.0
   Compiling beskid_pckg_contract v0.1.0 (/Users/mikserek/Projects/beskid/.worktrees/cyb-68/compiler/crates/beskid_pckg_contract)
   Compiling urlencoding v2.1.3
   Compiling downcast-rs v1.2.1
   Compiling shell-words v1.1.1
   Compiling opencode-sdk v0.1.7
   Compiling ref-cast-impl v1.0.25
   Compiling dumpster_derive v2.0.0
   Compiling page_size v0.6.0
   Compiling ref-cast v1.0.25
   Compiling dumpster v2.1.0
   Compiling criterion-plot v0.5.0
   Compiling beskid_aot v0.1.0 (/Users/mikserek/Projects/beskid/.worktrees/cyb-68/compiler/crates/beskid_aot)
   Compiling fluent-uri v0.4.1
   Compiling is-terminal v0.4.17
   Compiling dashmap v6.2.1
   Compiling criterion-plot v0.8.2
   Compiling portable-pty v0.8.1
   Compiling criterion v0.8.2
   Compiling ls-types v0.0.6
   Compiling criterion v0.5.1
   Compiling beskid_up v0.1.0 (/Users/mikserek/Projects/beskid/.worktrees/cyb-68/compiler/crates/beskid_up)
   Compiling beskid_engine v0.1.0 (/Users/mikserek/Projects/beskid/.worktrees/cyb-68/compiler/crates/beskid_engine)
   Compiling vte v0.15.0
   Compiling vt100 v0.16.2
   Compiling beskid_host v0.1.0 (/Users/mikserek/Projects/beskid/.worktrees/cyb-68/compiler/crates/beskid_host)
   Compiling fs-err v2.11.0
   Compiling tui-term v0.3.4
   Compiling serde_spanned v0.6.9
   Compiling toml_datetime v0.6.11
   Compiling toml_write v0.1.2
   Compiling beskid_runtime_bridge v0.1.0 (/Users/mikserek/Projects/beskid/.worktrees/cyb-68/compiler/crates/beskid_runtime_bridge)
   Compiling toml_edit v0.22.27
   Compiling os_str_bytes v7.2.0
   Compiling argfile v0.2.1
   Compiling beskid_repl v0.1.0 (/Users/mikserek/Projects/beskid/.worktrees/cyb-68/compiler/crates/beskid_repl)
   Compiling bsol-beskid-bridge v0.1.0 (/Users/mikserek/Projects/beskid/.worktrees/cyb-68/beskid_bsol/crates/bsol-beskid-bridge)
   Compiling toml v0.8.23
   Compiling beskid_template v0.1.0 (/Users/mikserek/Projects/beskid/.worktrees/cyb-68/compiler/crates/beskid_template)
   Compiling beskid_hi v0.1.0 (/Users/mikserek/Projects/beskid/.worktrees/cyb-68/compiler/crates/beskid_hi)
   Compiling beskid_ast_reflect_gen v0.1.0 (/Users/mikserek/Projects/beskid/.worktrees/cyb-68/compiler/crates/beskid_ast_reflect_gen)
   Compiling sqlx-macros-core v0.8.6
   Compiling tower-lsp-server v0.23.0
   Compiling beskid_lsp v0.1.0 (/Users/mikserek/Projects/beskid/.worktrees/cyb-68/compiler/crates/beskid_lsp)
   Compiling sqlx-macros v0.8.6
   Compiling sqlx v0.8.6
   Compiling beskid_pckg_store v0.1.0 (/Users/mikserek/Projects/beskid/.worktrees/cyb-68/compiler/crates/beskid_pckg_store)
   Compiling beskid_pckg_server v0.1.0 (/Users/mikserek/Projects/beskid/.worktrees/cyb-68/compiler/crates/beskid_pckg_server)
   Compiling beskid_e2e_tests v0.1.0 (/Users/mikserek/Projects/beskid/.worktrees/cyb-68/compiler/crates/beskid_e2e_tests)
rustc-LLVM ERROR: IO failure on output stream: No space left on device
error: could not compile `beskid_queries` (lib test)

Caused by:
  process didn't exit successfully: `/Users/mikserek/.rustup/toolchains/stable-aarch64-apple-darwin/bin/rustc --crate-name beskid_queries --edition=2024 crates/beskid_queries/src/lib.rs --error-format=json --json=diagnostic-rendered-ansi,artifacts,future-incompat --emit=dep-info,link -C embed-bitcode=no -C debuginfo=2 -C split-debuginfo=unpacked --test --check-cfg 'cfg(docsrs,test)' --check-cfg 'cfg(feature, values())' -C metadata=9ddf5c8b924ea345 -C extra-filename=-33f777ad0646a32b --out-dir /Users/mikserek/Projects/beskid/.worktrees/cyb-68/compiler/target/debug/deps -C incremental=/Users/mikserek/Projects/beskid/.worktrees/cyb-68/compiler/target/debug/incremental -L dependency=/Users/mikserek/Projects/beskid/.worktrees/cyb-68/compiler/target/debug/deps --extern anyhow=/Users/mikserek/Projects/beskid/.worktrees/cyb-68/compiler/target/debug/deps/libanyhow-aad1a319eea0f22f.rlib --extern beskid_abi=/Users/mikserek/Projects/beskid/.worktrees/cyb-68/compiler/target/debug/deps/libbeskid_abi-771f2bcbd17cbdbd.rlib --extern beskid_analysis=/Users/mikserek/Projects/beskid/.worktrees/cyb-68/compiler/target/debug/deps/libbeskid_analysis-5f3efd6d07ab6199.rlib --extern beskid_artifacts=/Users/mikserek/Projects/beskid/.worktrees/cyb-68/compiler/target/debug/deps/libbeskid_artifacts-50aa05aa99d0cb38.rlib --extern beskid_graph=/Users/mikserek/Projects/beskid/.worktrees/cyb-68/compiler/target/debug/deps/libbeskid_graph-8ba68ffccd1bee4a.rlib --extern beskid_pipeline=/Users/mikserek/Projects/beskid/.worktrees/cyb-68/compiler/target/debug/deps/libbeskid_pipeline-170bf72f8df13771.rlib --extern log=/Users/mikserek/Projects/beskid/.worktrees/cyb-68/compiler/target/debug/deps/liblog-f8e9ff83a29e5d99.rlib --extern salsa=/Users/mikserek/Projects/beskid/.worktrees/cyb-68/compiler/target/debug/deps/libsalsa-39565fa347b6206e.rlib --extern serde=/Users/mikserek/Projects/beskid/.worktrees/cyb-68/compiler/target/debug/deps/libserde-ec6e66d2f4cabf21.rlib --extern serde_json=/Users/mikserek/Projects/beskid/.worktrees/cyb-68/compiler/target/debug/deps/libserde_json-1122b6c66a937fb4.rlib --extern tempfile=/Users/mikserek/Projects/beskid/.worktrees/cyb-68/compiler/target/debug/deps/libtempfile-f0fd897f62762b3f.rlib --extern thiserror=/Users/mikserek/Projects/beskid/.worktrees/cyb-68/compiler/target/debug/deps/libthiserror-e0c12c3d56c33840.rlib --extern tracing=/Users/mikserek/Projects/beskid/.worktrees/cyb-68/compiler/target/debug/deps/libtracing-c7261ea5b878d54f.rlib -L native=/Users/mikserek/Projects/beskid/.worktrees/cyb-68/compiler/target/debug/build/ring-559e2eac3fb2af4b/out -L native=/Users/mikserek/Projects/beskid/.worktrees/cyb-68/compiler/target/debug/build/zstd-sys-43ee195f0692e71c/out -L native=/usr/lib -L native=/opt/homebrew/Cellar/xz/5.8.3/lib` (exit status: 101)
warning: build failed, waiting for other jobs to finish...
rustc-LLVM ERROR: IO failure on output stream: No space left on device
error: could not compile `beskid_queries` (lib)

Caused by:
  process didn't exit successfully: `/Users/mikserek/.rustup/toolchains/stable-aarch64-apple-darwin/bin/rustc --crate-name beskid_queries --edition=2024 crates/beskid_queries/src/lib.rs --error-format=json --json=diagnostic-rendered-ansi,artifacts,future-incompat --crate-type lib --emit=dep-info,metadata,link -C embed-bitcode=no -C debuginfo=2 -C split-debuginfo=unpacked --check-cfg 'cfg(docsrs,test)' --check-cfg 'cfg(feature, values())' -C metadata=e12a5140f671a859 -C extra-filename=-19d1457f45e77d63 --out-dir /Users/mikserek/Projects/beskid/.worktrees/cyb-68/compiler/target/debug/deps -C incremental=/Users/mikserek/Projects/beskid/.worktrees/cyb-68/compiler/target/debug/incremental -L dependency=/Users/mikserek/Projects/beskid/.worktrees/cyb-68/compiler/target/debug/deps --extern anyhow=/Users/mikserek/Projects/beskid/.worktrees/cyb-68/compiler/target/debug/deps/libanyhow-aad1a319eea0f22f.rmeta --extern beskid_abi=/Users/mikserek/Projects/beskid/.worktrees/cyb-68/compiler/target/debug/deps/libbeskid_abi-771f2bcbd17cbdbd.rmeta --extern beskid_analysis=/Users/mikserek/Projects/beskid/.worktrees/cyb-68/compiler/target/debug/deps/libbeskid_analysis-5f3efd6d07ab6199.rmeta --extern beskid_artifacts=/Users/mikserek/Projects/beskid/.worktrees/cyb-68/compiler/target/debug/deps/libbeskid_artifacts-50aa05aa99d0cb38.rmeta --extern beskid_graph=/Users/mikserek/Projects/beskid/.worktrees/cyb-68/compiler/target/debug/deps/libbeskid_graph-8ba68ffccd1bee4a.rmeta --extern beskid_pipeline=/Users/mikserek/Projects/beskid/.worktrees/cyb-68/compiler/target/debug/deps/libbeskid_pipeline-170bf72f8df13771.rmeta --extern log=/Users/mikserek/Projects/beskid/.worktrees/cyb-68/compiler/target/debug/deps/liblog-f8e9ff83a29e5d99.rmeta --extern salsa=/Users/mikserek/Projects/beskid/.worktrees/cyb-68/compiler/target/debug/deps/libsalsa-39565fa347b6206e.rmeta --extern serde=/Users/mikserek/Projects/beskid/.worktrees/cyb-68/compiler/target/debug/deps/libserde-ec6e66d2f4cabf21.rmeta --extern serde_json=/Users/mikserek/Projects/beskid/.worktrees/cyb-68/compiler/target/debug/deps/libserde_json-1122b6c66a937fb4.rmeta --extern thiserror=/Users/mikserek/Projects/beskid/.worktrees/cyb-68/compiler/target/debug/deps/libthiserror-e0c12c3d56c33840.rmeta --extern tracing=/Users/mikserek/Projects/beskid/.worktrees/cyb-68/compiler/target/debug/deps/libtracing-c7261ea5b878d54f.rmeta -L native=/Users/mikserek/Projects/beskid/.worktrees/cyb-68/compiler/target/debug/build/ring-559e2eac3fb2af4b/out -L native=/Users/mikserek/Projects/beskid/.worktrees/cyb-68/compiler/target/debug/build/zstd-sys-43ee195f0692e71c/out -L native=/usr/lib -L native=/opt/homebrew/Cellar/xz/5.8.3/lib` (exit status: 101)
error: could not write output to /Users/mikserek/Projects/beskid/.worktrees/cyb-68/compiler/target/debug/deps/beskid_lsp-860b13b18eb8d231.9hzv2arwz5jazl9si8e3suu2p.0c5cleh.rcgu.o: No space left on device

rustc-LLVM ERROR: IO failure on output stream: No space left on device
error: could not compile `beskid_pckg_store` (bin "pckg_cutover" test)

Caused by:
  process didn't exit successfully: `/Users/mikserek/.rustup/toolchains/stable-aarch64-apple-darwin/bin/rustc --crate-name pckg_cutover --edition=2024 crates/beskid_pckg_store/src/bin/pckg_cutover.rs --error-format=json --json=diagnostic-rendered-ansi,artifacts,future-incompat --emit=dep-info,link -C embed-bitcode=no -C debuginfo=2 -C split-debuginfo=unpacked --test --check-cfg 'cfg(docsrs,test)' --check-cfg 'cfg(feature, values())' -C metadata=17dd1463ba7d795f -C extra-filename=-a2a4c94d5df1cdf4 --out-dir /Users/mikserek/Projects/beskid/.worktrees/cyb-68/compiler/target/debug/deps -C incremental=/Users/mikserek/Projects/beskid/.worktrees/cyb-68/compiler/target/debug/incremental -L dependency=/Users/mikserek/Projects/beskid/.worktrees/cyb-68/compiler/target/debug/deps --extern async_trait=/Users/mikserek/Projects/beskid/.worktrees/cyb-68/compiler/target/debug/deps/libasync_trait-9b61774efbd4b7c7.dylib --extern beskid_pckg_operations=/Users/mikserek/Projects/beskid/.worktrees/cyb-68/compiler/target/debug/deps/libbeskid_pckg_operations-7013463d6691738f.rlib --extern beskid_pckg_store=/Users/mikserek/Projects/beskid/.worktrees/cyb-68/compiler/target/debug/deps/libbeskid_pckg_store-20c4b409a2aabaa7.rlib --extern chrono=/Users/mikserek/Projects/beskid/.worktrees/cyb-68/compiler/target/debug/deps/libchrono-322f35590c8d99ff.rlib --extern sha2=/Users/mikserek/Projects/beskid/.worktrees/cyb-68/compiler/target/debug/deps/libsha2-67de917210f6927d.rlib --extern sqlx=/Users/mikserek/Projects/beskid/.worktrees/cyb-68/compiler/target/debug/deps/libsqlx-19f69d204a00615a.rlib --extern tokio=/Users/mikserek/Projects/beskid/.worktrees/cyb-68/compiler/target/debug/deps/libtokio-d94442b7a555aa3e.rlib --extern uuid=/Users/mikserek/Projects/beskid/.worktrees/cyb-68/compiler/target/debug/deps/libuuid-454bbe67ba0abbb8.rlib -L native=/Users/mikserek/Projects/beskid/.worktrees/cyb-68/compiler/target/debug/build/ring-559e2eac3fb2af4b/out` (exit status: 101)
error: could not compile `beskid_lsp` (lib) due to 1 previous error
error: failed to write to `/Users/mikserek/Projects/beskid/.worktrees/cyb-68/compiler/target/debug/deps/rmetacrjdI2/full.rmeta`: No space left on device (os error 28)

error: could not compile `beskid_pckg_server` (lib) due to 1 previous error
rustc-LLVM ERROR: IO failure on output stream: No space left on device
error: could not compile `beskid_pckg_server` (lib test)

Caused by:
  process didn't exit successfully: `/Users/mikserek/.rustup/toolchains/stable-aarch64-apple-darwin/bin/rustc --crate-name beskid_pckg_server --edition=2024 crates/beskid_pckg_server/src/lib.rs --error-format=json --json=diagnostic-rendered-ansi,artifacts,future-incompat --emit=dep-info,link -C embed-bitcode=no -C debuginfo=2 -C split-debuginfo=unpacked --test --check-cfg 'cfg(docsrs,test)' --check-cfg 'cfg(feature, values())' -C metadata=3172466f1caf98e1 -C extra-filename=-e0e0f57e630faae5 --out-dir /Users/mikserek/Projects/beskid/.worktrees/cyb-68/compiler/target/debug/deps -C incremental=/Users/mikserek/Projects/beskid/.worktrees/cyb-68/compiler/target/debug/incremental -L dependency=/Users/mikserek/Projects/beskid/.worktrees/cyb-68/compiler/target/debug/deps --extern axum=/Users/mikserek/Projects/beskid/.worktrees/cyb-68/compiler/target/debug/deps/libaxum-61579e68e31ee2a8.rlib --extern beskid_pckg_artifacts=/Users/mikserek/Projects/beskid/.worktrees/cyb-68/compiler/target/debug/deps/libbeskid_pckg_artifacts-f2b9121677519b86.rlib --extern beskid_pckg_auth=/Users/mikserek/Projects/beskid/.worktrees/cyb-68/compiler/target/debug/deps/libbeskid_pckg_auth-8bc3b0580f6709d3.rlib --extern beskid_pckg_community=/Users/mikserek/Projects/beskid/.worktrees/cyb-68/compiler/target/debug/deps/libbeskid_pckg_community-620816faa91b857b.rlib --extern beskid_pckg_contract=/Users/mikserek/Projects/beskid/.worktrees/cyb-68/compiler/target/debug/deps/libbeskid_pckg_contract-b011923f1301f55d.rlib --extern beskid_pckg_operations=/Users/mikserek/Projects/beskid/.worktrees/cyb-68/compiler/target/debug/deps/libbeskid_pckg_operations-7013463d6691738f.rlib --extern beskid_pckg_store=/Users/mikserek/Projects/beskid/.worktrees/cyb-68/compiler/target/debug/deps/libbeskid_pckg_store-20c4b409a2aabaa7.rlib --extern chrono=/Users/mikserek/Projects/beskid/.worktrees/cyb-68/compiler/target/debug/deps/libchrono-322f35590c8d99ff.rlib --extern http_body_util=/Users/mikserek/Projects/beskid/.worktrees/cyb-68/compiler/target/debug/deps/libhttp_body_util-3281cff473761937.rlib --extern multer=/Users/mikserek/Projects/beskid/.worktrees/cyb-68/compiler/target/debug/deps/libmulter-d236955dba34f85d.rlib --extern serde=/Users/mikserek/Projects/beskid/.worktrees/cyb-68/compiler/target/debug/deps/libserde-ec6e66d2f4cabf21.rlib --extern serde_json=/Users/mikserek/Projects/beskid/.worktrees/cyb-68/compiler/target/debug/deps/libserde_json-1122b6c66a937fb4.rlib --extern sha2=/Users/mikserek/Projects/beskid/.worktrees/cyb-68/compiler/target/debug/deps/libsha2-67de917210f6927d.rlib --extern sqlx=/Users/mikserek/Projects/beskid/.worktrees/cyb-68/compiler/target/debug/deps/libsqlx-19f69d204a00615a.rlib --extern time=/Users/mikserek/Projects/beskid/.worktrees/cyb-68/compiler/target/debug/deps/libtime-6590e6cace357016.rlib --extern tokio=/Users/mikserek/Projects/beskid/.worktrees/cyb-68/compiler/target/debug/deps/libtokio-d94442b7a555aa3e.rlib --extern tower=/Users/mikserek/Projects/beskid/.worktrees/cyb-68/compiler/target/debug/deps/libtower-175b4c38e4d2c6de.rlib --extern tower_http=/Users/mikserek/Projects/beskid/.worktrees/cyb-68/compiler/target/debug/deps/libtower_http-1c7cbc0185cf24ee.rlib --extern uuid=/Users/mikserek/Projects/beskid/.worktrees/cyb-68/compiler/target/debug/deps/libuuid-454bbe67ba0abbb8.rlib --extern zip=/Users/mikserek/Projects/beskid/.worktrees/cyb-68/compiler/target/debug/deps/libzip-3d3a1199fac7c46b.rlib -L native=/Users/mikserek/Projects/beskid/.worktrees/cyb-68/compiler/target/debug/build/zstd-sys-43ee195f0692e71c/out -L native=/Users/mikserek/Projects/beskid/.worktrees/cyb-68/compiler/target/debug/build/ring-559e2eac3fb2af4b/out -L native=/usr/lib -L native=/opt/homebrew/Cellar/xz/5.8.3/lib` (exit status: 101)
rustc-LLVM ERROR: IO failure on output stream: No space left on device
error: could not compile `beskid_analysis` (lib test)

Caused by:
  process didn't exit successfully: `/Users/mikserek/.rustup/toolchains/stable-aarch64-apple-darwin/bin/rustc --crate-name beskid_analysis --edition=2024 crates/beskid_analysis/src/lib.rs --error-format=json --json=diagnostic-rendered-ansi,artifacts,future-incompat --emit=dep-info,link -C embed-bitcode=no -C debuginfo=2 -C split-debuginfo=unpacked --test --check-cfg 'cfg(docsrs,test)' --check-cfg 'cfg(feature, values())' -C metadata=b6103eb43587f7fd -C extra-filename=-a4c66941054b056e --out-dir /Users/mikserek/Projects/beskid/.worktrees/cyb-68/compiler/target/debug/deps -C incremental=/Users/mikserek/Projects/beskid/.worktrees/cyb-68/compiler/target/debug/incremental -L dependency=/Users/mikserek/Projects/beskid/.worktrees/cyb-68/compiler/target/debug/deps --extern anyhow=/Users/mikserek/Projects/beskid/.worktrees/cyb-68/compiler/target/debug/deps/libanyhow-aad1a319eea0f22f.rlib --extern beskid_abi=/Users/mikserek/Projects/beskid/.worktrees/cyb-68/compiler/target/debug/deps/libbeskid_abi-771f2bcbd17cbdbd.rlib --extern beskid_artifacts=/Users/mikserek/Projects/beskid/.worktrees/cyb-68/compiler/target/debug/deps/libbeskid_artifacts-50aa05aa99d0cb38.rlib --extern beskid_ast_derive=/Users/mikserek/Projects/beskid/.worktrees/cyb-68/compiler/target/debug/deps/libbeskid_ast_derive-4ba354483a911956.dylib --extern beskid_pipeline=/Users/mikserek/Projects/beskid/.worktrees/cyb-68/compiler/target/debug/deps/libbeskid_pipeline-170bf72f8df13771.rlib --extern bsol=/Users/mikserek/Projects/beskid/.worktrees/cyb-68/compiler/target/debug/deps/libbsol-c1bf0b37c83d6306.rlib --extern daggy=/Users/mikserek/Projects/beskid/.worktrees/cyb-68/compiler/target/debug/deps/libdaggy-bcbef7249546c891.rlib --extern from_pest=/Users/mikserek/Projects/beskid/.worktrees/cyb-68/compiler/target/debug/deps/libfrom_pest-fa0ae6e304f774ce.rlib --extern log=/Users/mikserek/Projects/beskid/.worktrees/cyb-68/compiler/target/debug/deps/liblog-f8e9ff83a29e5d99.rlib --extern miette=/Users/mikserek/Projects/beskid/.worktrees/cyb-68/compiler/target/debug/deps/libmiette-39746a0a570a69b7.rlib --extern pest=/Users/mikserek/Projects/beskid/.worktrees/cyb-68/compiler/target/debug/deps/libpest-52861c98afe17662.rlib --extern pest_ast=/Users/mikserek/Projects/beskid/.worktrees/cyb-68/compiler/target/debug/deps/libpest_ast-c6417118cb30e5e4.dylib --extern pest_derive=/Users/mikserek/Projects/beskid/.worktrees/cyb-68/compiler/target/debug/deps/libpest_derive-cacc478d72d78b54.dylib --extern postcard=/Users/mikserek/Projects/beskid/.worktrees/cyb-68/compiler/target/debug/deps/libpostcard-2e3133a8deadc597.rlib --extern rayon=/Users/mikserek/Projects/beskid/.worktrees/cyb-68/compiler/target/debug/deps/librayon-5049d80311b85758.rlib --extern reqwest=/Users/mikserek/Projects/beskid/.worktrees/cyb-68/compiler/target/debug/deps/libreqwest-b11cb2bc3cda7341.rlib --extern serde=/Users/mikserek/Projects/beskid/.worktrees/cyb-68/compiler/target/debug/deps/libserde-ec6e66d2f4cabf21.rlib --extern serde_json=/Users/mikserek/Projects/beskid/.worktrees/cyb-68/compiler/target/debug/deps/libserde_json-1122b6c66a937fb4.rlib --extern thiserror=/Users/mikserek/Projects/beskid/.worktrees/cyb-68/compiler/target/debug/deps/libthiserror-e0c12c3d56c33840.rlib --extern tracing=/Users/mikserek/Projects/beskid/.worktrees/cyb-68/compiler/target/debug/deps/libtracing-c7261ea5b878d54f.rlib --extern zip=/Users/mikserek/Projects/beskid/.worktrees/cyb-68/compiler/target/debug/deps/libzip-3d3a1199fac7c46b.rlib -L native=/Users/mikserek/Projects/beskid/.worktrees/cyb-68/compiler/target/debug/build/ring-559e2eac3fb2af4b/out -L native=/Users/mikserek/Projects/beskid/.worktrees/cyb-68/compiler/target/debug/build/zstd-sys-43ee195f0692e71c/out -L native=/usr/lib -L native=/opt/homebrew/Cellar/xz/5.8.3/lib` (exit status: 101)
